interactions:
- request:
    body: '{"parent": {"type": "page_id", "page_id": "5f505199-b292-4713-920b-61d813bf72a3"},
      "title": [{"type": "text", "plain_text": "tests/test_orm.py::test_simple_model_with_children
      (setup)", "text": {"content": "tests/test_orm.py::test_simple_model_with_children
      (setup)"}}], "properties": {"Name": {"type": "title", "title": {}}, "Index":
      {"type": "number", "number": {"format": "number"}}, "Notes": {"type": "rich_text",
      "rich_text": {}}, "Complete": {"type": "checkbox", "checkbox": {}}, "Due Date":
      {"type": "date", "date": {}}, "Tags": {"type": "multi_select", "multi_select":
      {"options": []}}}}'
    headers:
      accept:
      - '*/*'
      accept-encoding:
      - gzip, deflate, br
      authorization:
      - secret...
      connection:
      - keep-alive
      content-length:
      - '595'
      content-type:
      - application/json
      host:
      - api.notion.com
      notion-version:
      - '2022-02-22'
    method: POST
    uri: https://api.notion.com/v1/databases
  response:
    content: '{"object":"database","id":"5553a9be-7a38-41ed-8edc-d7c5401df92e","cover":null,"icon":null,"created_time":"2022-08-22T16:04:00.000Z","created_by":{"object":"user","id":"645e79dd-3e43-40de-9d51-39357c1c427f"},"last_edited_by":{"object":"user","id":"645e79dd-3e43-40de-9d51-39357c1c427f"},"last_edited_time":"2022-08-22T16:04:00.000Z","title":[{"type":"text","text":{"content":"tests/test_orm.py::test_simple_model_with_children
      (setup)","link":null},"annotations":{"bold":false,"italic":false,"strikethrough":false,"underline":false,"code":false,"color":"default"},"plain_text":"tests/test_orm.py::test_simple_model_with_children
      (setup)","href":null}],"description":[],"is_inline":false,"properties":{"Tags":{"id":"FoO%7D","name":"Tags","type":"multi_select","multi_select":{"options":[]}},"Complete":{"id":"XBPX","name":"Complete","type":"checkbox","checkbox":{}},"Index":{"id":"X%60%5D~","name":"Index","type":"number","number":{"format":"number"}},"Notes":{"id":"_tcv","name":"Notes","type":"rich_text","rich_text":{}},"Due
      Date":{"id":"glJb","name":"Due Date","type":"date","date":{}},"Name":{"id":"title","name":"Name","type":"title","title":{}}},"parent":{"type":"page_id","page_id":"5f505199-b292-4713-920b-61d813bf72a3"},"url":"https://www.notion.so/5553a9be7a3841ed8edcd7c5401df92e","archived":false}'
    headers: {}
    http_version: HTTP/1.1
    status_code: 200
- request:
    body: '{"parent": {"type": "database_id", "database_id": "5553a9be-7a38-41ed-8edc-d7c5401df92e"},
      "properties": {}}'
    headers:
      accept:
      - '*/*'
      accept-encoding:
      - gzip, deflate, br
      authorization:
      - secret...
      connection:
      - keep-alive
      content-length:
      - '108'
      content-type:
      - application/json
      host:
      - api.notion.com
      notion-version:
      - '2022-02-22'
    method: POST
    uri: https://api.notion.com/v1/pages
  response:
    content: '{"object":"page","id":"a64b2fc0-d68c-4bd9-bf9e-ae27b2520f71","created_time":"2022-08-22T16:04:00.000Z","last_edited_time":"2022-08-22T16:04:00.000Z","created_by":{"object":"user","id":"645e79dd-3e43-40de-9d51-39357c1c427f"},"last_edited_by":{"object":"user","id":"645e79dd-3e43-40de-9d51-39357c1c427f"},"cover":null,"icon":null,"parent":{"type":"database_id","database_id":"5553a9be-7a38-41ed-8edc-d7c5401df92e"},"archived":false,"properties":{"Tags":{"id":"FoO%7D","type":"multi_select","multi_select":[]},"Complete":{"id":"XBPX","type":"checkbox","checkbox":false},"Index":{"id":"X%60%5D~","type":"number","number":null},"Notes":{"id":"_tcv","type":"rich_text","rich_text":[]},"Due
      Date":{"id":"glJb","type":"date","date":null},"Name":{"id":"title","type":"title","title":[]}},"url":"https://www.notion.so/a64b2fc0d68c4bd9bf9eae27b2520f71"}'
    headers: {}
    http_version: HTTP/1.1
    status_code: 200
- request:
    body: '{"properties": {"Name": {"type": "title", "title": [{"type": "text", "plain_text":
      "First", "text": {"content": "First"}}]}}}'
    headers:
      accept:
      - '*/*'
      accept-encoding:
      - gzip, deflate, br
      authorization:
      - secret...
      connection:
      - keep-alive
      content-length:
      - '125'
      content-type:
      - application/json
      host:
      - api.notion.com
      notion-version:
      - '2022-02-22'
    method: PATCH
    uri: https://api.notion.com/v1/pages/a64b2fc0d68c4bd9bf9eae27b2520f71
  response:
    content: '{"object":"page","id":"a64b2fc0-d68c-4bd9-bf9e-ae27b2520f71","created_time":"2022-08-22T16:04:00.000Z","last_edited_time":"2022-08-22T16:04:00.000Z","created_by":{"object":"user","id":"645e79dd-3e43-40de-9d51-39357c1c427f"},"last_edited_by":{"object":"user","id":"645e79dd-3e43-40de-9d51-39357c1c427f"},"cover":null,"icon":null,"parent":{"type":"database_id","database_id":"5553a9be-7a38-41ed-8edc-d7c5401df92e"},"archived":false,"properties":{"Tags":{"id":"FoO%7D","type":"multi_select","multi_select":[]},"Complete":{"id":"XBPX","type":"checkbox","checkbox":false},"Index":{"id":"X%60%5D~","type":"number","number":null},"Notes":{"id":"_tcv","type":"rich_text","rich_text":[]},"Due
      Date":{"id":"glJb","type":"date","date":null},"Name":{"id":"title","type":"title","title":[{"type":"text","text":{"content":"First","link":null},"annotations":{"bold":false,"italic":false,"strikethrough":false,"underline":false,"code":false,"color":"default"},"plain_text":"First","href":null}]}},"url":"https://www.notion.so/First-a64b2fc0d68c4bd9bf9eae27b2520f71"}'
    headers: {}
    http_version: HTTP/1.1
    status_code: 200
- request:
    body: '{"children": [{"type": "heading_1", "object": "block", "has_children":
      false, "archived": false, "heading_1": {"rich_text": [{"type": "text", "plain_text":
      "New Business", "text": {"content": "New Business"}}], "color": "default"}}]}'
    headers:
      accept:
      - '*/*'
      accept-encoding:
      - gzip, deflate, br
      authorization:
      - secret...
      connection:
      - keep-alive
      content-length:
      - '233'
      content-type:
      - application/json
      host:
      - api.notion.com
      notion-version:
      - '2022-02-22'
    method: PATCH
    uri: https://api.notion.com/v1/blocks/a64b2fc0d68c4bd9bf9eae27b2520f71/children
  response:
    content: '{"object":"list","results":[{"object":"block","id":"07f52bd9-a023-47ac-b126-cd9fa383ada2","parent":{"type":"page_id","page_id":"a64b2fc0-d68c-4bd9-bf9e-ae27b2520f71"},"created_time":"2022-08-22T16:04:00.000Z","last_edited_time":"2022-08-22T16:04:00.000Z","created_by":{"object":"user","id":"645e79dd-3e43-40de-9d51-39357c1c427f"},"last_edited_by":{"object":"user","id":"645e79dd-3e43-40de-9d51-39357c1c427f"},"has_children":false,"archived":false,"type":"heading_1","heading_1":{"rich_text":[{"type":"text","text":{"content":"New
      Business","link":null},"annotations":{"bold":false,"italic":false,"strikethrough":false,"underline":false,"code":false,"color":"default"},"plain_text":"New
      Business","href":null}],"is_toggleable":false,"color":"default"}}],"next_cursor":null,"has_more":false,"type":"block","block":{}}'
    headers: {}
    http_version: HTTP/1.1
    status_code: 200
- request:
    body: ''
    headers:
      accept:
      - '*/*'
      accept-encoding:
      - gzip, deflate, br
      authorization:
      - secret...
      connection:
      - keep-alive
      host:
      - api.notion.com
      notion-version:
      - '2022-02-22'
    method: GET
    uri: https://api.notion.com/v1/blocks/a64b2fc0d68c4bd9bf9eae27b2520f71/children?page_size=100
  response:
    content: '{"object":"list","results":[{"object":"block","id":"07f52bd9-a023-47ac-b126-cd9fa383ada2","parent":{"type":"page_id","page_id":"a64b2fc0-d68c-4bd9-bf9e-ae27b2520f71"},"created_time":"2022-08-22T16:04:00.000Z","last_edited_time":"2022-08-22T16:04:00.000Z","created_by":{"object":"user","id":"645e79dd-3e43-40de-9d51-39357c1c427f"},"last_edited_by":{"object":"user","id":"645e79dd-3e43-40de-9d51-39357c1c427f"},"has_children":false,"archived":false,"type":"heading_1","heading_1":{"rich_text":[{"type":"text","text":{"content":"New
      Business","link":null},"annotations":{"bold":false,"italic":false,"strikethrough":false,"underline":false,"code":false,"color":"default"},"plain_text":"New
      Business","href":null}],"is_toggleable":false,"color":"default"}}],"next_cursor":null,"has_more":false,"type":"block","block":{}}'
    headers: {}
    http_version: HTTP/1.1
    status_code: 200
- request:
    body: ''
    headers:
      accept:
      - '*/*'
      accept-encoding:
      - gzip, deflate, br
      authorization:
      - secret...
      connection:
      - keep-alive
      host:
      - api.notion.com
      notion-version:
      - '2022-02-22'
    method: DELETE
    uri: https://api.notion.com/v1/blocks/5553a9be7a3841ed8edcd7c5401df92e
  response:
    content: '{"object":"block","id":"5553a9be-7a38-41ed-8edc-d7c5401df92e","parent":{"type":"page_id","page_id":"5f505199-b292-4713-920b-61d813bf72a3"},"created_time":"2022-08-22T16:04:00.000Z","last_edited_time":"2022-08-22T16:04:00.000Z","created_by":{"object":"user","id":"645e79dd-3e43-40de-9d51-39357c1c427f"},"last_edited_by":{"object":"user","id":"645e79dd-3e43-40de-9d51-39357c1c427f"},"has_children":false,"archived":true,"type":"child_database","child_database":{"title":"tests/test_orm.py::test_simple_model_with_children
      (setup)"}}'
    headers: {}
    http_version: HTTP/1.1
    status_code: 200
version: 1
