interactions:
- request:
    body: '{"parent": {"type": "page_id", "page_id": "5f505199-b292-4713-920b-61d813bf72a3"},
      "title": [{"type": "text", "plain_text": "Schema A", "annotations": {"bold":
      false, "italic": false, "strikethrough": false, "underline": false, "code":
      false, "color": "default"}, "text": {"content": "Schema A"}}], "properties":
      {"Name": {"type": "title", "title": {}}}}'
    headers:
      accept:
      - '*/*'
      accept-encoding:
      - gzip, deflate
      authorization:
      - secret...
      connection:
      - keep-alive
      content-length:
      - '354'
      content-type:
      - application/json
      cookie:
      - secret...
      host:
      - api.notion.com
      notion-version:
      - '2022-06-28'
      user-agent:
      - secret...
    method: POST
    uri: https://api.notion.com/v1/databases
  response:
    content: '{"object":"database","id":"158974f3-b388-8133-a353-e442968244eb","cover":null,"icon":null,"created_time":"2024-12-10T11:00:00.000Z","created_by":{"object":"user","id":"645e79dd-3e43-40de-9d51-39357c1c427f"},"last_edited_by":{"object":"user","id":"645e79dd-3e43-40de-9d51-39357c1c427f"},"last_edited_time":"2024-12-10T11:00:00.000Z","title":[{"type":"text","text":{"content":"Schema
      A","link":null},"annotations":{"bold":false,"italic":false,"strikethrough":false,"underline":false,"code":false,"color":"default"},"plain_text":"Schema
      A","href":null}],"description":[],"is_inline":false,"properties":{"Name":{"id":"title","name":"Name","type":"title","title":{}}},"parent":{"type":"page_id","page_id":"5f505199-b292-4713-920b-61d813bf72a3"},"url":"https://www.notion.so/158974f3b3888133a353e442968244eb","public_url":null,"archived":false,"in_trash":false,"request_id":"391b34b9-6936-4065-b36a-7db717c6c93c"}'
    headers:
      CF-Cache-Status:
      - DYNAMIC
      CF-Ray:
      - 8efcbb774d702c55-FRA
      Connection:
      - keep-alive
      Content-Encoding:
      - gzip
      Content-Type:
      - application/json; charset=utf-8
      Server:
      - cloudflare
      Strict-Transport-Security:
      - max-age=31536000; includeSubDomains; preload
      Transfer-Encoding:
      - chunked
      Vary:
      - Accept-Encoding
      content-security-policy:
      - default-src 'none'
      referrer-policy:
      - strict-origin-when-cross-origin
      x-content-type-options:
      - nosniff
      x-dns-prefetch-control:
      - 'off'
      x-download-options:
      - noopen
      x-frame-options:
      - SAMEORIGIN
      x-notion-request-id:
      - 391b34b9-6936-4065-b36a-7db717c6c93c
      x-permitted-cross-domain-policies:
      - none
      x-xss-protection:
      - '0'
    http_version: HTTP/1.1
    status_code: 200
- request:
    body: '{"description": [{"type": "text", "plain_text": "Only used to create relations
      in Schema B", "annotations": {"bold": false, "italic": false, "strikethrough":
      false, "underline": false, "code": false, "color": "default"}, "text": {"content":
      "Only used to create relations in Schema B"}}]}'
    headers:
      accept:
      - '*/*'
      accept-encoding:
      - gzip, deflate
      authorization:
      - secret...
      connection:
      - keep-alive
      content-length:
      - '288'
      content-type:
      - application/json
      cookie:
      - secret...
      host:
      - api.notion.com
      notion-version:
      - '2022-06-28'
      user-agent:
      - secret...
    method: PATCH
    uri: https://api.notion.com/v1/databases/158974f3-b388-8133-a353-e442968244eb
  response:
    content: '{"object":"database","id":"158974f3-b388-8133-a353-e442968244eb","cover":null,"icon":null,"created_time":"2024-12-10T11:00:00.000Z","created_by":{"object":"user","id":"645e79dd-3e43-40de-9d51-39357c1c427f"},"last_edited_by":{"object":"user","id":"645e79dd-3e43-40de-9d51-39357c1c427f"},"last_edited_time":"2024-12-10T11:00:00.000Z","title":[{"type":"text","text":{"content":"Schema
      A","link":null},"annotations":{"bold":false,"italic":false,"strikethrough":false,"underline":false,"code":false,"color":"default"},"plain_text":"Schema
      A","href":null}],"description":[{"type":"text","text":{"content":"Only used
      to create relations in Schema B","link":null},"annotations":{"bold":false,"italic":false,"strikethrough":false,"underline":false,"code":false,"color":"default"},"plain_text":"Only
      used to create relations in Schema B","href":null}],"is_inline":false,"properties":{"Name":{"id":"title","name":"Name","type":"title","title":{}}},"parent":{"type":"page_id","page_id":"5f505199-b292-4713-920b-61d813bf72a3"},"url":"https://www.notion.so/158974f3b3888133a353e442968244eb","public_url":null,"archived":false,"in_trash":false,"request_id":"e844b8db-4416-4255-a4d0-33b5448ee5d8"}'
    headers:
      CF-Cache-Status:
      - DYNAMIC
      CF-Ray:
      - 8efcbb7edb152c55-FRA
      Connection:
      - keep-alive
      Content-Encoding:
      - gzip
      Content-Type:
      - application/json; charset=utf-8
      Server:
      - cloudflare
      Strict-Transport-Security:
      - max-age=31536000; includeSubDomains; preload
      Transfer-Encoding:
      - chunked
      Vary:
      - Accept-Encoding
      content-security-policy:
      - default-src 'none'
      referrer-policy:
      - strict-origin-when-cross-origin
      x-content-type-options:
      - nosniff
      x-dns-prefetch-control:
      - 'off'
      x-download-options:
      - noopen
      x-frame-options:
      - SAMEORIGIN
      x-notion-request-id:
      - e844b8db-4416-4255-a4d0-33b5448ee5d8
      x-permitted-cross-domain-policies:
      - none
      x-xss-protection:
      - '0'
    http_version: HTTP/1.1
    status_code: 200
- request:
    body: '{"parent": {"type": "page_id", "page_id": "5f505199-b292-4713-920b-61d813bf72a3"},
      "title": [{"type": "text", "plain_text": "Schema B", "annotations": {"bold":
      false, "italic": false, "strikethrough": false, "underline": false, "code":
      false, "color": "default"}, "text": {"content": "Schema B"}}], "properties":
      {"Relation two-way": {"type": "relation", "relation": {"type": "dual_property",
      "database_id": "158974f3-b388-8133-a353-e442968244eb", "dual_property": {}}},
      "Title": {"type": "title", "title": {}}}}'
    headers:
      accept:
      - '*/*'
      accept-encoding:
      - gzip, deflate
      authorization:
      - secret...
      connection:
      - keep-alive
      content-length:
      - '512'
      content-type:
      - application/json
      cookie:
      - secret...
      host:
      - api.notion.com
      notion-version:
      - '2022-06-28'
      user-agent:
      - secret...
    method: POST
    uri: https://api.notion.com/v1/databases
  response:
    content: '{"object":"database","id":"158974f3-b388-81cf-931c-c07ac82e29cf","cover":null,"icon":null,"created_time":"2024-12-10T11:00:00.000Z","created_by":{"object":"user","id":"645e79dd-3e43-40de-9d51-39357c1c427f"},"last_edited_by":{"object":"user","id":"645e79dd-3e43-40de-9d51-39357c1c427f"},"last_edited_time":"2024-12-10T11:00:00.000Z","title":[{"type":"text","text":{"content":"Schema
      B","link":null},"annotations":{"bold":false,"italic":false,"strikethrough":false,"underline":false,"code":false,"color":"default"},"plain_text":"Schema
      B","href":null}],"description":[],"is_inline":false,"properties":{"Relation
      two-way":{"id":"KGiN","name":"Relation two-way","type":"relation","relation":{"database_id":"158974f3-b388-8133-a353-e442968244eb","type":"dual_property","dual_property":{"synced_property_name":"Related
      to Schema B (Relation two-way)","synced_property_id":"foE%7D"}}},"Title":{"id":"title","name":"Title","type":"title","title":{}}},"parent":{"type":"page_id","page_id":"5f505199-b292-4713-920b-61d813bf72a3"},"url":"https://www.notion.so/158974f3b38881cf931cc07ac82e29cf","public_url":null,"archived":false,"in_trash":false,"request_id":"9ae918d7-1f6a-429b-ab5a-996e01e1040f"}'
    headers:
      CF-Cache-Status:
      - DYNAMIC
      CF-Ray:
      - 8efcbb85782a2c55-FRA
      Connection:
      - keep-alive
      Content-Encoding:
      - gzip
      Content-Type:
      - application/json; charset=utf-8
      Server:
      - cloudflare
      Strict-Transport-Security:
      - max-age=31536000; includeSubDomains; preload
      Transfer-Encoding:
      - chunked
      Vary:
      - Accept-Encoding
      content-security-policy:
      - default-src 'none'
      referrer-policy:
      - strict-origin-when-cross-origin
      x-content-type-options:
      - nosniff
      x-dns-prefetch-control:
      - 'off'
      x-download-options:
      - noopen
      x-frame-options:
      - SAMEORIGIN
      x-notion-request-id:
      - 9ae918d7-1f6a-429b-ab5a-996e01e1040f
      x-permitted-cross-domain-policies:
      - none
      x-xss-protection:
      - '0'
    http_version: HTTP/1.1
    status_code: 200
- request:
    body: '{"description": [{"type": "text", "plain_text": "Only used to create relations
      in Schema B", "annotations": {"bold": false, "italic": false, "strikethrough":
      false, "underline": false, "code": false, "color": "default"}, "text": {"content":
      "Only used to create relations in Schema B"}}]}'
    headers:
      accept:
      - '*/*'
      accept-encoding:
      - gzip, deflate
      authorization:
      - secret...
      connection:
      - keep-alive
      content-length:
      - '288'
      content-type:
      - application/json
      cookie:
      - secret...
      host:
      - api.notion.com
      notion-version:
      - '2022-06-28'
      user-agent:
      - secret...
    method: PATCH
    uri: https://api.notion.com/v1/databases/158974f3-b388-81cf-931c-c07ac82e29cf
  response:
    content: '{"object":"database","id":"158974f3-b388-81cf-931c-c07ac82e29cf","cover":null,"icon":null,"created_time":"2024-12-10T11:00:00.000Z","created_by":{"object":"user","id":"645e79dd-3e43-40de-9d51-39357c1c427f"},"last_edited_by":{"object":"user","id":"645e79dd-3e43-40de-9d51-39357c1c427f"},"last_edited_time":"2024-12-10T11:00:00.000Z","title":[{"type":"text","text":{"content":"Schema
      B","link":null},"annotations":{"bold":false,"italic":false,"strikethrough":false,"underline":false,"code":false,"color":"default"},"plain_text":"Schema
      B","href":null}],"description":[{"type":"text","text":{"content":"Only used
      to create relations in Schema B","link":null},"annotations":{"bold":false,"italic":false,"strikethrough":false,"underline":false,"code":false,"color":"default"},"plain_text":"Only
      used to create relations in Schema B","href":null}],"is_inline":false,"properties":{"Relation
      two-way":{"id":"KGiN","name":"Relation two-way","type":"relation","relation":{"database_id":"158974f3-b388-8133-a353-e442968244eb","type":"dual_property","dual_property":{"synced_property_name":"Related
      to Schema B (Relation two-way)","synced_property_id":"foE%7D"}}},"Title":{"id":"title","name":"Title","type":"title","title":{}}},"parent":{"type":"page_id","page_id":"5f505199-b292-4713-920b-61d813bf72a3"},"url":"https://www.notion.so/158974f3b38881cf931cc07ac82e29cf","public_url":null,"archived":false,"in_trash":false,"request_id":"8fdfe53b-5a57-4679-9e3a-788862643002"}'
    headers:
      CF-Cache-Status:
      - DYNAMIC
      CF-Ray:
      - 8efcbb8adb9e2c55-FRA
      Connection:
      - keep-alive
      Content-Encoding:
      - gzip
      Content-Type:
      - application/json; charset=utf-8
      Server:
      - cloudflare
      Strict-Transport-Security:
      - max-age=31536000; includeSubDomains; preload
      Transfer-Encoding:
      - chunked
      Vary:
      - Accept-Encoding
      content-security-policy:
      - default-src 'none'
      referrer-policy:
      - strict-origin-when-cross-origin
      x-content-type-options:
      - nosniff
      x-dns-prefetch-control:
      - 'off'
      x-download-options:
      - noopen
      x-frame-options:
      - SAMEORIGIN
      x-notion-request-id:
      - 8fdfe53b-5a57-4679-9e3a-788862643002
      x-permitted-cross-domain-policies:
      - none
      x-xss-protection:
      - '0'
    http_version: HTTP/1.1
    status_code: 200
- request:
    body: '{"properties": {"foE%7D": {"name": "Relation"}}}'
    headers:
      accept:
      - '*/*'
      accept-encoding:
      - gzip, deflate
      authorization:
      - secret...
      connection:
      - keep-alive
      content-length:
      - '48'
      content-type:
      - application/json
      cookie:
      - secret...
      host:
      - api.notion.com
      notion-version:
      - '2022-06-28'
      user-agent:
      - secret...
    method: PATCH
    uri: https://api.notion.com/v1/databases/158974f3-b388-8133-a353-e442968244eb
  response:
    content: '{"object":"database","id":"158974f3-b388-8133-a353-e442968244eb","cover":null,"icon":null,"created_time":"2024-12-10T11:00:00.000Z","created_by":{"object":"user","id":"645e79dd-3e43-40de-9d51-39357c1c427f"},"last_edited_by":{"object":"user","id":"645e79dd-3e43-40de-9d51-39357c1c427f"},"last_edited_time":"2024-12-10T11:00:00.000Z","title":[{"type":"text","text":{"content":"Schema
      A","link":null},"annotations":{"bold":false,"italic":false,"strikethrough":false,"underline":false,"code":false,"color":"default"},"plain_text":"Schema
      A","href":null}],"description":[{"type":"text","text":{"content":"Only used
      to create relations in Schema B","link":null},"annotations":{"bold":false,"italic":false,"strikethrough":false,"underline":false,"code":false,"color":"default"},"plain_text":"Only
      used to create relations in Schema B","href":null}],"is_inline":false,"properties":{"Relation":{"id":"foE%7D","name":"Relation","type":"relation","relation":{"database_id":"158974f3-b388-81cf-931c-c07ac82e29cf","type":"dual_property","dual_property":{"synced_property_name":"Relation
      two-way","synced_property_id":"KGiN"}}},"Name":{"id":"title","name":"Name","type":"title","title":{}}},"parent":{"type":"page_id","page_id":"5f505199-b292-4713-920b-61d813bf72a3"},"url":"https://www.notion.so/158974f3b3888133a353e442968244eb","public_url":null,"archived":false,"in_trash":false,"request_id":"d562b6d7-c7d5-4ef7-aba8-d7039f3d9405"}'
    headers:
      CF-Cache-Status:
      - DYNAMIC
      CF-Ray:
      - 8efcbb9f79712c55-FRA
      Connection:
      - keep-alive
      Content-Encoding:
      - gzip
      Content-Type:
      - application/json; charset=utf-8
      Server:
      - cloudflare
      Strict-Transport-Security:
      - max-age=31536000; includeSubDomains; preload
      Transfer-Encoding:
      - chunked
      Vary:
      - Accept-Encoding
      content-security-policy:
      - default-src 'none'
      referrer-policy:
      - strict-origin-when-cross-origin
      x-content-type-options:
      - nosniff
      x-dns-prefetch-control:
      - 'off'
      x-download-options:
      - noopen
      x-frame-options:
      - SAMEORIGIN
      x-notion-request-id:
      - d562b6d7-c7d5-4ef7-aba8-d7039f3d9405
      x-permitted-cross-domain-policies:
      - none
      x-xss-protection:
      - '0'
    http_version: HTTP/1.1
    status_code: 200
- request:
    body: '{"properties": {}}'
    headers:
      accept:
      - '*/*'
      accept-encoding:
      - gzip, deflate
      authorization:
      - secret...
      connection:
      - keep-alive
      content-length:
      - '18'
      content-type:
      - application/json
      cookie:
      - secret...
      host:
      - api.notion.com
      notion-version:
      - '2022-06-28'
      user-agent:
      - secret...
    method: PATCH
    uri: https://api.notion.com/v1/databases/158974f3-b388-81cf-931c-c07ac82e29cf
  response:
    content: '{"object":"database","id":"158974f3-b388-81cf-931c-c07ac82e29cf","cover":null,"icon":null,"created_time":"2024-12-10T11:00:00.000Z","created_by":{"object":"user","id":"645e79dd-3e43-40de-9d51-39357c1c427f"},"last_edited_by":{"object":"user","id":"645e79dd-3e43-40de-9d51-39357c1c427f"},"last_edited_time":"2024-12-10T11:00:00.000Z","title":[{"type":"text","text":{"content":"Schema
      B","link":null},"annotations":{"bold":false,"italic":false,"strikethrough":false,"underline":false,"code":false,"color":"default"},"plain_text":"Schema
      B","href":null}],"description":[{"type":"text","text":{"content":"Only used
      to create relations in Schema B","link":null},"annotations":{"bold":false,"italic":false,"strikethrough":false,"underline":false,"code":false,"color":"default"},"plain_text":"Only
      used to create relations in Schema B","href":null}],"is_inline":false,"properties":{"Relation
      two-way":{"id":"KGiN","name":"Relation two-way","type":"relation","relation":{"database_id":"158974f3-b388-8133-a353-e442968244eb","type":"dual_property","dual_property":{"synced_property_name":"Relation","synced_property_id":"foE%7D"}}},"Title":{"id":"title","name":"Title","type":"title","title":{}}},"parent":{"type":"page_id","page_id":"5f505199-b292-4713-920b-61d813bf72a3"},"url":"https://www.notion.so/158974f3b38881cf931cc07ac82e29cf","public_url":null,"archived":false,"in_trash":false,"request_id":"ad270fc2-5ffa-44a4-94e0-f815d69d7443"}'
    headers:
      CF-Cache-Status:
      - DYNAMIC
      CF-Ray:
      - 8efcbbb22f102c55-FRA
      Connection:
      - keep-alive
      Content-Encoding:
      - gzip
      Content-Type:
      - application/json; charset=utf-8
      Server:
      - cloudflare
      Strict-Transport-Security:
      - max-age=31536000; includeSubDomains; preload
      Transfer-Encoding:
      - chunked
      Vary:
      - Accept-Encoding
      content-security-policy:
      - default-src 'none'
      referrer-policy:
      - strict-origin-when-cross-origin
      x-content-type-options:
      - nosniff
      x-dns-prefetch-control:
      - 'off'
      x-download-options:
      - noopen
      x-frame-options:
      - SAMEORIGIN
      x-notion-request-id:
      - ad270fc2-5ffa-44a4-94e0-f815d69d7443
      x-permitted-cross-domain-policies:
      - none
      x-xss-protection:
      - '0'
    http_version: HTTP/1.1
    status_code: 200
version: 1
