interactions:
- request:
    body: '{"parent": {"page_id": "5f505199-b292-4713-920b-61d813bf72a3", "type":
      "page_id"}, "properties": {"title": {"title": [{"plain_text": "My new page with
      cover", "text": {"content": "My new page with cover"}, "type": "text"}], "type":
      "title"}}}'
    headers:
      accept:
      - '*/*'
      accept-encoding:
      - gzip, deflate
      authorization:
      - secret...
      connection:
      - keep-alive
      content-length:
      - '242'
      content-type:
      - application/json
      cookie:
      - __cf_bm=B1.hTp0Qzodwbw8N2h5fhizvksPkSRIUp2V5434Cs.s-1703423314-1-AR97mFiCR6u3eI5l7Gt04XTwm085WW41GulD5mE7SztdLVyr42yCBeLCXAIrEDPGZP4FsxWWbuzbvfGctQI7ZR4=
      host:
      - api.notion.com
      notion-version:
      - '2022-06-28'
    method: POST
    uri: https://api.notion.com/v1/pages
  response:
    content: '{"object":"page","id":"36bf313c-5efb-42ac-9ec8-9b7256fa1493","created_time":"2023-12-24T13:11:00.000Z","last_edited_time":"2023-12-24T13:11:00.000Z","created_by":{"object":"user","id":"645e79dd-3e43-40de-9d51-39357c1c427f"},"last_edited_by":{"object":"user","id":"645e79dd-3e43-40de-9d51-39357c1c427f"},"cover":null,"icon":null,"parent":{"type":"page_id","page_id":"5f505199-b292-4713-920b-61d813bf72a3"},"archived":false,"properties":{"title":{"id":"title","type":"title","title":[{"type":"text","text":{"content":"My
      new page with cover","link":null},"annotations":{"bold":false,"italic":false,"strikethrough":false,"underline":false,"code":false,"color":"default"},"plain_text":"My
      new page with cover","href":null}]}},"url":"https://www.notion.so/My-new-page-with-cover-36bf313c5efb42ac9ec89b7256fa1493","public_url":null,"request_id":"3454afb5-26d6-45ca-bb5f-ae128c04952b"}'
    headers: {}
    http_version: HTTP/1.1
    status_code: 200
- request:
    body: '{"cover": {"external": {"url": "https://www.notion.so/images/page-cover/woodcuts_2.jpg"},
      "type": "external"}}'
    headers:
      accept:
      - '*/*'
      accept-encoding:
      - gzip, deflate
      authorization:
      - secret...
      connection:
      - keep-alive
      content-length:
      - '110'
      content-type:
      - application/json
      cookie:
      - __cf_bm=B1.hTp0Qzodwbw8N2h5fhizvksPkSRIUp2V5434Cs.s-1703423314-1-AR97mFiCR6u3eI5l7Gt04XTwm085WW41GulD5mE7SztdLVyr42yCBeLCXAIrEDPGZP4FsxWWbuzbvfGctQI7ZR4=
      host:
      - api.notion.com
      notion-version:
      - '2022-06-28'
    method: PATCH
    uri: https://api.notion.com/v1/pages/36bf313c5efb42ac9ec89b7256fa1493
  response:
    content: '{"object":"page","id":"36bf313c-5efb-42ac-9ec8-9b7256fa1493","created_time":"2023-12-24T13:11:00.000Z","last_edited_time":"2023-12-24T13:11:00.000Z","created_by":{"object":"user","id":"645e79dd-3e43-40de-9d51-39357c1c427f"},"last_edited_by":{"object":"user","id":"645e79dd-3e43-40de-9d51-39357c1c427f"},"cover":{"type":"external","external":{"url":"https://www.notion.so/images/page-cover/woodcuts_2.jpg"}},"icon":null,"parent":{"type":"page_id","page_id":"5f505199-b292-4713-920b-61d813bf72a3"},"archived":false,"properties":{"title":{"id":"title","type":"title","title":[{"type":"text","text":{"content":"My
      new page with cover","link":null},"annotations":{"bold":false,"italic":false,"strikethrough":false,"underline":false,"code":false,"color":"default"},"plain_text":"My
      new page with cover","href":null}]}},"url":"https://www.notion.so/My-new-page-with-cover-36bf313c5efb42ac9ec89b7256fa1493","public_url":null,"request_id":"7c32b893-b328-4b3b-abba-2d5ed4dc4e4b"}'
    headers: {}
    http_version: HTTP/1.1
    status_code: 200
- request:
    body: '{"cover": {"external": {"url": "https://www.notion.so/images/page-cover/woodcuts_2.jpg"},
      "type": "external"}}'
    headers:
      accept:
      - '*/*'
      accept-encoding:
      - gzip, deflate
      authorization:
      - secret...
      connection:
      - keep-alive
      content-length:
      - '110'
      content-type:
      - application/json
      cookie:
      - __cf_bm=B1.hTp0Qzodwbw8N2h5fhizvksPkSRIUp2V5434Cs.s-1703423314-1-AR97mFiCR6u3eI5l7Gt04XTwm085WW41GulD5mE7SztdLVyr42yCBeLCXAIrEDPGZP4FsxWWbuzbvfGctQI7ZR4=
      host:
      - api.notion.com
      notion-version:
      - '2022-06-28'
    method: PATCH
    uri: https://api.notion.com/v1/pages/36bf313c5efb42ac9ec89b7256fa1493
  response:
    content: '{"object":"page","id":"36bf313c-5efb-42ac-9ec8-9b7256fa1493","created_time":"2023-12-24T13:11:00.000Z","last_edited_time":"2023-12-24T13:11:00.000Z","created_by":{"object":"user","id":"645e79dd-3e43-40de-9d51-39357c1c427f"},"last_edited_by":{"object":"user","id":"645e79dd-3e43-40de-9d51-39357c1c427f"},"cover":{"type":"external","external":{"url":"https://www.notion.so/images/page-cover/woodcuts_2.jpg"}},"icon":null,"parent":{"type":"page_id","page_id":"5f505199-b292-4713-920b-61d813bf72a3"},"archived":false,"properties":{"title":{"id":"title","type":"title","title":[{"type":"text","text":{"content":"My
      new page with cover","link":null},"annotations":{"bold":false,"italic":false,"strikethrough":false,"underline":false,"code":false,"color":"default"},"plain_text":"My
      new page with cover","href":null}]}},"url":"https://www.notion.so/My-new-page-with-cover-36bf313c5efb42ac9ec89b7256fa1493","public_url":null,"request_id":"5c8e8403-081c-4c41-8b2a-55e166df3473"}'
    headers: {}
    http_version: HTTP/1.1
    status_code: 200
- request:
    body: ''
    headers:
      accept:
      - '*/*'
      accept-encoding:
      - gzip, deflate
      authorization:
      - secret...
      connection:
      - keep-alive
      cookie:
      - __cf_bm=B1.hTp0Qzodwbw8N2h5fhizvksPkSRIUp2V5434Cs.s-1703423314-1-AR97mFiCR6u3eI5l7Gt04XTwm085WW41GulD5mE7SztdLVyr42yCBeLCXAIrEDPGZP4FsxWWbuzbvfGctQI7ZR4=
      host:
      - api.notion.com
      notion-version:
      - '2022-06-28'
    method: GET
    uri: https://api.notion.com/v1/pages/36bf313c-5efb-42ac-9ec8-9b7256fa1493
  response:
    content: '{"object":"page","id":"36bf313c-5efb-42ac-9ec8-9b7256fa1493","created_time":"2023-12-24T13:11:00.000Z","last_edited_time":"2023-12-24T13:11:00.000Z","created_by":{"object":"user","id":"645e79dd-3e43-40de-9d51-39357c1c427f"},"last_edited_by":{"object":"user","id":"645e79dd-3e43-40de-9d51-39357c1c427f"},"cover":{"type":"external","external":{"url":"https://www.notion.so/images/page-cover/woodcuts_2.jpg"}},"icon":null,"parent":{"type":"page_id","page_id":"5f505199-b292-4713-920b-61d813bf72a3"},"archived":false,"properties":{"title":{"id":"title","type":"title","title":[{"type":"text","text":{"content":"My
      new page with cover","link":null},"annotations":{"bold":false,"italic":false,"strikethrough":false,"underline":false,"code":false,"color":"default"},"plain_text":"My
      new page with cover","href":null}]}},"url":"https://www.notion.so/My-new-page-with-cover-36bf313c5efb42ac9ec89b7256fa1493","public_url":null,"request_id":"ef3dbbb1-9b9a-4d69-95c6-02c7d4d9773d"}'
    headers: {}
    http_version: HTTP/1.1
    status_code: 200
- request:
    body: '{"cover": null}'
    headers:
      accept:
      - '*/*'
      accept-encoding:
      - gzip, deflate
      authorization:
      - secret...
      connection:
      - keep-alive
      content-length:
      - '15'
      content-type:
      - application/json
      cookie:
      - __cf_bm=B1.hTp0Qzodwbw8N2h5fhizvksPkSRIUp2V5434Cs.s-1703423314-1-AR97mFiCR6u3eI5l7Gt04XTwm085WW41GulD5mE7SztdLVyr42yCBeLCXAIrEDPGZP4FsxWWbuzbvfGctQI7ZR4=
      host:
      - api.notion.com
      notion-version:
      - '2022-06-28'
    method: PATCH
    uri: https://api.notion.com/v1/pages/36bf313c5efb42ac9ec89b7256fa1493
  response:
    content: '{"object":"page","id":"36bf313c-5efb-42ac-9ec8-9b7256fa1493","created_time":"2023-12-24T13:11:00.000Z","last_edited_time":"2023-12-24T13:11:00.000Z","created_by":{"object":"user","id":"645e79dd-3e43-40de-9d51-39357c1c427f"},"last_edited_by":{"object":"user","id":"645e79dd-3e43-40de-9d51-39357c1c427f"},"cover":null,"icon":null,"parent":{"type":"page_id","page_id":"5f505199-b292-4713-920b-61d813bf72a3"},"archived":false,"properties":{"title":{"id":"title","type":"title","title":[{"type":"text","text":{"content":"My
      new page with cover","link":null},"annotations":{"bold":false,"italic":false,"strikethrough":false,"underline":false,"code":false,"color":"default"},"plain_text":"My
      new page with cover","href":null}]}},"url":"https://www.notion.so/My-new-page-with-cover-36bf313c5efb42ac9ec89b7256fa1493","public_url":null,"request_id":"46eea115-0d2a-44a2-82a7-ed0320957137"}'
    headers: {}
    http_version: HTTP/1.1
    status_code: 200
- request:
    body: ''
    headers:
      accept:
      - '*/*'
      accept-encoding:
      - gzip, deflate
      authorization:
      - secret...
      connection:
      - keep-alive
      cookie:
      - __cf_bm=B1.hTp0Qzodwbw8N2h5fhizvksPkSRIUp2V5434Cs.s-1703423314-1-AR97mFiCR6u3eI5l7Gt04XTwm085WW41GulD5mE7SztdLVyr42yCBeLCXAIrEDPGZP4FsxWWbuzbvfGctQI7ZR4=
      host:
      - api.notion.com
      notion-version:
      - '2022-06-28'
    method: GET
    uri: https://api.notion.com/v1/pages/36bf313c-5efb-42ac-9ec8-9b7256fa1493
  response:
    content: '{"object":"page","id":"36bf313c-5efb-42ac-9ec8-9b7256fa1493","created_time":"2023-12-24T13:11:00.000Z","last_edited_time":"2023-12-24T13:11:00.000Z","created_by":{"object":"user","id":"645e79dd-3e43-40de-9d51-39357c1c427f"},"last_edited_by":{"object":"user","id":"645e79dd-3e43-40de-9d51-39357c1c427f"},"cover":null,"icon":null,"parent":{"type":"page_id","page_id":"5f505199-b292-4713-920b-61d813bf72a3"},"archived":false,"properties":{"title":{"id":"title","type":"title","title":[{"type":"text","text":{"content":"My
      new page with cover","link":null},"annotations":{"bold":false,"italic":false,"strikethrough":false,"underline":false,"code":false,"color":"default"},"plain_text":"My
      new page with cover","href":null}]}},"url":"https://www.notion.so/My-new-page-with-cover-36bf313c5efb42ac9ec89b7256fa1493","public_url":null,"request_id":"9fcb82f3-e77c-407e-902c-3d1bc5423ee9"}'
    headers: {}
    http_version: HTTP/1.1
    status_code: 200
version: 1
