interactions:
- request:
    body: '{"parent": {"page_id": "5f505199-b292-4713-920b-61d813bf72a3", "type":
      "page_id"}, "title": [{"plain_text": "Articles", "text": {"content": "Articles"},
      "type": "text"}], "properties": {"Name": {"type": "title", "title": {}}, "Cost":
      {"number": {"format": "dollar"}, "type": "number"}, "Description": {"type":
      "rich_text", "rich_text": {}}}}'
    headers:
      accept:
      - '*/*'
      accept-encoding:
      - gzip, deflate
      authorization:
      - secret...
      connection:
      - keep-alive
      content-length:
      - '341'
      content-type:
      - application/json
      cookie:
      - secret...
      host:
      - api.notion.com
      notion-version:
      - '2022-06-28'
      user-agent:
      - secret...
    method: POST
    uri: https://api.notion.com/v1/databases
  response:
    content: '{"object":"database","id":"dcc46670-e9f6-4f0d-865f-b351bab78759","cover":null,"icon":null,"created_time":"2024-01-23T15:57:00.000Z","created_by":{"object":"user","id":"645e79dd-3e43-40de-9d51-39357c1c427f"},"last_edited_by":{"object":"user","id":"645e79dd-3e43-40de-9d51-39357c1c427f"},"last_edited_time":"2024-01-23T15:57:00.000Z","title":[{"type":"text","text":{"content":"Articles","link":null},"annotations":{"bold":false,"italic":false,"strikethrough":false,"underline":false,"code":false,"color":"default"},"plain_text":"Articles","href":null}],"description":[],"is_inline":false,"properties":{"Cost":{"id":"KOj%3C","name":"Cost","type":"number","number":{"format":"dollar"}},"Description":{"id":"P%7D%3Dc","name":"Description","type":"rich_text","rich_text":{}},"Name":{"id":"title","name":"Name","type":"title","title":{}}},"parent":{"type":"page_id","page_id":"5f505199-b292-4713-920b-61d813bf72a3"},"url":"https://www.notion.so/dcc46670e9f64f0d865fb351bab78759","public_url":null,"archived":false,"request_id":"f1708279-47b0-43d0-8e52-8765e92b50ab"}'
    headers:
      CF-Cache-Status:
      - DYNAMIC
      Connection:
      - keep-alive
      Content-Encoding:
      - gzip
      Content-Type:
      - application/json; charset=utf-8
      Server:
      - cloudflare
      Transfer-Encoding:
      - chunked
      Vary:
      - Accept-Encoding
      X-Powered-By:
      - Express
    http_version: HTTP/1.1
    status_code: 200
- request:
    body: '{"parent": {"page_id": "5f505199-b292-4713-920b-61d813bf72a3", "type":
      "page_id"}, "title": [{"plain_text": "Articles", "text": {"content": "Articles"},
      "type": "text"}], "properties": {"Name": {"type": "title", "title": {}}, "Cost":
      {"number": {"format": "dollar"}, "type": "number"}, "Description": {"type":
      "rich_text", "rich_text": {}}}}'
    headers:
      accept:
      - '*/*'
      accept-encoding:
      - gzip, deflate
      authorization:
      - secret...
      connection:
      - keep-alive
      content-length:
      - '341'
      content-type:
      - application/json
      cookie:
      - secret...
      host:
      - api.notion.com
      notion-version:
      - '2022-06-28'
      user-agent:
      - secret...
    method: POST
    uri: https://api.notion.com/v1/databases
  response:
    content: '{"object":"database","id":"1e62e837-ea1a-4db6-a8c9-24ba85e480c5","cover":null,"icon":null,"created_time":"2024-01-23T15:58:00.000Z","created_by":{"object":"user","id":"645e79dd-3e43-40de-9d51-39357c1c427f"},"last_edited_by":{"object":"user","id":"645e79dd-3e43-40de-9d51-39357c1c427f"},"last_edited_time":"2024-01-23T15:58:00.000Z","title":[{"type":"text","text":{"content":"Articles","link":null},"annotations":{"bold":false,"italic":false,"strikethrough":false,"underline":false,"code":false,"color":"default"},"plain_text":"Articles","href":null}],"description":[],"is_inline":false,"properties":{"Description":{"id":"%5C%3BC%3C","name":"Description","type":"rich_text","rich_text":{}},"Cost":{"id":"eiL%3E","name":"Cost","type":"number","number":{"format":"dollar"}},"Name":{"id":"title","name":"Name","type":"title","title":{}}},"parent":{"type":"page_id","page_id":"5f505199-b292-4713-920b-61d813bf72a3"},"url":"https://www.notion.so/1e62e837ea1a4db6a8c924ba85e480c5","public_url":null,"archived":false,"request_id":"2ac596cb-c92d-453a-81d0-0eea75e7d06e"}'
    headers:
      CF-Cache-Status:
      - DYNAMIC
      Connection:
      - keep-alive
      Content-Encoding:
      - gzip
      Content-Type:
      - application/json; charset=utf-8
      Server:
      - cloudflare
      Transfer-Encoding:
      - chunked
      Vary:
      - Accept-Encoding
      X-Powered-By:
      - Express
    http_version: HTTP/1.1
    status_code: 200
- request:
    body: '{"parent": {"page_id": "5f505199-b292-4713-920b-61d813bf72a3", "type":
      "page_id"}, "title": [{"plain_text": "Articles", "text": {"content": "Articles"},
      "type": "text"}], "properties": {"Name": {"type": "title", "title": {}}, "Cost":
      {"number": {"format": "dollar"}, "type": "number"}, "Description": {"type":
      "rich_text", "rich_text": {}}}}'
    headers:
      accept:
      - '*/*'
      accept-encoding:
      - gzip, deflate
      authorization:
      - secret...
      connection:
      - keep-alive
      content-length:
      - '341'
      content-type:
      - application/json
      cookie:
      - secret...
      host:
      - api.notion.com
      notion-version:
      - '2022-06-28'
      user-agent:
      - secret...
    method: POST
    uri: https://api.notion.com/v1/databases
  response:
    content: '{"object":"database","id":"8c373d20-2bad-47f3-8dcf-951a69730bd5","cover":null,"icon":null,"created_time":"2024-01-23T15:58:00.000Z","created_by":{"object":"user","id":"645e79dd-3e43-40de-9d51-39357c1c427f"},"last_edited_by":{"object":"user","id":"645e79dd-3e43-40de-9d51-39357c1c427f"},"last_edited_time":"2024-01-23T15:58:00.000Z","title":[{"type":"text","text":{"content":"Articles","link":null},"annotations":{"bold":false,"italic":false,"strikethrough":false,"underline":false,"code":false,"color":"default"},"plain_text":"Articles","href":null}],"description":[],"is_inline":false,"properties":{"Cost":{"id":"wBvN","name":"Cost","type":"number","number":{"format":"dollar"}},"Description":{"id":"y%7BZ%5B","name":"Description","type":"rich_text","rich_text":{}},"Name":{"id":"title","name":"Name","type":"title","title":{}}},"parent":{"type":"page_id","page_id":"5f505199-b292-4713-920b-61d813bf72a3"},"url":"https://www.notion.so/8c373d202bad47f38dcf951a69730bd5","public_url":null,"archived":false,"request_id":"4dc87efc-d692-40ba-8ab4-6781e68b4c16"}'
    headers:
      CF-Cache-Status:
      - DYNAMIC
      Connection:
      - keep-alive
      Content-Encoding:
      - gzip
      Content-Type:
      - application/json; charset=utf-8
      Server:
      - cloudflare
      Transfer-Encoding:
      - chunked
      Vary:
      - Accept-Encoding
      X-Powered-By:
      - Express
    http_version: HTTP/1.1
    status_code: 200
- request:
    body: '{"parent": {"page_id": "5f505199-b292-4713-920b-61d813bf72a3", "type":
      "page_id"}, "title": [{"plain_text": "Articles", "text": {"content": "Articles"},
      "type": "text"}], "properties": {"Name": {"type": "title", "title": {}}, "Cost":
      {"number": {"format": "dollar"}, "type": "number"}, "Description": {"type":
      "rich_text", "rich_text": {}}}}'
    headers:
      accept:
      - '*/*'
      accept-encoding:
      - gzip, deflate
      authorization:
      - secret...
      connection:
      - keep-alive
      content-length:
      - '341'
      content-type:
      - application/json
      cookie:
      - secret...
      host:
      - api.notion.com
      notion-version:
      - '2022-06-28'
      user-agent:
      - secret...
    method: POST
    uri: https://api.notion.com/v1/databases
  response:
    content: '{"object":"database","id":"ebea9bf5-b4cc-4a59-8601-3a6ddc0eb17f","cover":null,"icon":null,"created_time":"2024-01-23T15:58:00.000Z","created_by":{"object":"user","id":"645e79dd-3e43-40de-9d51-39357c1c427f"},"last_edited_by":{"object":"user","id":"645e79dd-3e43-40de-9d51-39357c1c427f"},"last_edited_time":"2024-01-23T15:58:00.000Z","title":[{"type":"text","text":{"content":"Articles","link":null},"annotations":{"bold":false,"italic":false,"strikethrough":false,"underline":false,"code":false,"color":"default"},"plain_text":"Articles","href":null}],"description":[],"is_inline":false,"properties":{"Cost":{"id":"QxFT","name":"Cost","type":"number","number":{"format":"dollar"}},"Description":{"id":"%5BsdB","name":"Description","type":"rich_text","rich_text":{}},"Name":{"id":"title","name":"Name","type":"title","title":{}}},"parent":{"type":"page_id","page_id":"5f505199-b292-4713-920b-61d813bf72a3"},"url":"https://www.notion.so/ebea9bf5b4cc4a5986013a6ddc0eb17f","public_url":null,"archived":false,"request_id":"7fc79f86-1092-4369-9650-73b4fa503257"}'
    headers:
      CF-Cache-Status:
      - DYNAMIC
      Connection:
      - keep-alive
      Content-Encoding:
      - gzip
      Content-Type:
      - application/json; charset=utf-8
      Server:
      - cloudflare
      Transfer-Encoding:
      - chunked
      Vary:
      - Accept-Encoding
      X-Powered-By:
      - Express
    http_version: HTTP/1.1
    status_code: 200
version: 1
